#-----------------------------------------------------------
# Vivado v2025.2 (64-bit)
# SW Build 6299465 on Fri Nov 14 19:35:11 GMT 2025
# IP Build 6300035 on Fri Nov 14 10:48:45 MST 2025
# SharedData Build 6298862 on Thu Nov 13 04:50:51 MST 2025
# Start of session at: Tue Apr 21 00:31:28 2026
# Process ID         : 18636
# Current directory  : D:/Programing/VerilogProject/miniRV32/cpu_stage2_top
# Command line       : vivado.exe -gui_launcher_event rodinguilauncherevent2172 D:\Programing\VerilogProject\miniRV32\cpu_stage2_top\cpu_stage2_top.xpr
# Log file           : D:/Programing/VerilogProject/miniRV32/cpu_stage2_top/vivado.log
# Journal file       : D:/Programing/VerilogProject/miniRV32/cpu_stage2_top\vivado.jou
# Running On         : LAPTOP-L8B3PG7A
# Platform           : Windows Server 2016 or Windows 10
# Operating System   : 26200
# Processor Detail   : Intel(R) Core(TM) Ultra 7 155H
# CPU Frequency      : 2995 MHz
# CPU Physical cores : 16
# CPU Logical cores  : 22
# Host memory        : 34046 MB
# Swap memory        : 2147 MB
# Total Virtual      : 36194 MB
# Available Virtual  : 17064 MB
#-----------------------------------------------------------
start_gui
open_project D:/Programing/VerilogProject/miniRV32/cpu_stage2_top/cpu_stage2_top.xpr
update_compile_order -fileset sources_1
launch_simulation
launch_simulation
launch_simulation
launch_simulation
launch_simulation
launch_simulation
launch_simulation
launch_simulation
source top_tb.tcl
relaunch_sim
close_sim
launch_simulation
source top_tb.tcl
current_wave_config {}
add_wave {{/top_tb/uut}} 
relaunch_sim
close_sim
launch_simulation
source top_tb.tcl
current_wave_config {}
add_wave {{/top_tb/uut}} 
relaunch_sim
close_sim
